============================= test session starts =============================
platform win32 -- Python 3.14.0, pytest-9.0.2, pluggy-1.6.0
rootdir: C:\Users\joaoc\Projects\mac-os-junk-cleaner
configfile: pyproject.toml
testpaths: tests
plugins: cov-7.0.0
collected 9 items

tests\test_cli.py ......                                                 [ 66%]
tests\test_scanner.py ...                                                [100%]

=============================== tests coverage ================================
_______________ coverage: platform win32, python 3.14.0-final-0 _______________

Name                                 Stmts   Miss  Cover   Missing
------------------------------------------------------------------
src\macos_junk_cleaner\__init__.py       1      0   100%
src\macos_junk_cleaner\cleaner.py       17      5    71%   11-12, 16, 20-21
src\macos_junk_cleaner\main.py          67     11    84%   34-35, 42-51, 106, 117
src\macos_junk_cleaner\scanner.py       27      2    93%   30-31
------------------------------------------------------------------
TOTAL                                  112     18    84%
============================== 9 passed in 0.22s ==============================
